%!Adobe-FontList 1.13
%Locale:0x809

%BeginFont
Handler:DirectoryHandler
FontType:Invalid
OutlineFileName:F:\VIROLA\Virola korean web upload\Font\1.woff
FileModTime:1423140260
%EndFont

%BeginFont
Handler:DirectoryHandler
FontType:Invalid
OutlineFileName:F:\VIROLA\Virola korean web upload\Font\10.woff
FileModTime:1417624684
%EndFont

%BeginFont
Handler:DirectoryHandler
FontType:Invalid
OutlineFileName:F:\VIROLA\Virola korean web upload\Font\11.woff
FileModTime:1426313390
%EndFont

%BeginFont
Handler:DirectoryHandler
FontType:Invalid
OutlineFileName:F:\VIROLA\Virola korean web upload\Font\12.woff
FileModTime:1426313424
%EndFont

%BeginFont
Handler:DirectoryHandler
FontType:Type1
FontName:Existence-StencilLight
FamilyName:Existence
StyleName:Stencil Light
FullName:Existence Stencil Light
MenuName:Existence Stencil Light
StyleBits:0
WritingScript:Roman
OutlineFileName:F:\VIROLA\Virola korean web upload\Font\13.otf
DataFormat:sfntData
UsesStandardEncoding:yes
isCFF:yes
FileLength:39172
FileModTime:1110263520
WeightClass:300
WidthClass:5
AngleClass:0
%EndFont

%BeginFont
Handler:DirectoryHandler
FontType:TrueType
FontName:GeosansLight
FamilyName:GeosansLight
StyleName:Regular
FullName:GeosansLight
MenuName:GeosansLight
StyleBits:0
WritingScript:Roman
OutlineFileName:F:\VIROLA\Virola korean web upload\Font\14.ttf
DataFormat:sfntData
FileLength:60072
FileModTime:1098269440
WeightClass:500
WidthClass:5
AngleClass:0
%EndFont

%BeginFont
Handler:DirectoryHandler
FontType:Invalid
OutlineFileName:F:\VIROLA\Virola korean web upload\Font\15.woff
FileModTime:1426237436
%EndFont

%BeginFont
Handler:DirectoryHandler
FontType:Type1
FontName:Quicksand-Regular
FamilyName:Quicksand
StyleName:Regular
FullName:Quicksand Regular
MenuName:Quicksand
StyleBits:0
WritingScript:Roman
OutlineFileName:F:\VIROLA\Virola korean web upload\Font\16.otf
DataFormat:sfntData
UsesStandardEncoding:yes
isCFF:yes
FileLength:28196
FileModTime:1373430008
WeightClass:400
WidthClass:5
AngleClass:0
%EndFont

%BeginFont
Handler:DirectoryHandler
FontType:Invalid
OutlineFileName:F:\VIROLA\Virola korean web upload\Font\2.woff
FileModTime:1423140262
%EndFont

%BeginFont
Handler:DirectoryHandler
FontType:Invalid
OutlineFileName:F:\VIROLA\Virola korean web upload\Font\3.woff
FileModTime:1423140264
%EndFont

%BeginFont
Handler:DirectoryHandler
FontType:Invalid
OutlineFileName:F:\VIROLA\Virola korean web upload\Font\4.woff
FileModTime:1423140266
%EndFont

%BeginFont
Handler:DirectoryHandler
FontType:Invalid
OutlineFileName:F:\VIROLA\Virola korean web upload\Font\5.woff
FileModTime:1423140268
%EndFont

%BeginFont
Handler:DirectoryHandler
FontType:Invalid
OutlineFileName:F:\VIROLA\Virola korean web upload\Font\6.woff
FileModTime:1417583526
%EndFont

%BeginFont
Handler:DirectoryHandler
FontType:Invalid
OutlineFileName:F:\VIROLA\Virola korean web upload\Font\7.woff
FileModTime:1417623084
%EndFont

%BeginFont
Handler:DirectoryHandler
FontType:Invalid
OutlineFileName:F:\VIROLA\Virola korean web upload\Font\8.woff
FileModTime:1417603328
%EndFont

%BeginFont
Handler:DirectoryHandler
FontType:Invalid
OutlineFileName:F:\VIROLA\Virola korean web upload\Font\9.woff
FileModTime:1418476614
%EndFont

